Archive member included to satisfy reference by file (symbol)

c:/program files (x86)/atmel/studio/7.0/toolchain/avr8/avr8-gnu-toolchain/bin/../lib/gcc/avr/5.4.0/../../../../avr/lib/avrxmega2\libm.a(addsf3.o)
                              main.o (__subsf3)
c:/program files (x86)/atmel/studio/7.0/toolchain/avr8/avr8-gnu-toolchain/bin/../lib/gcc/avr/5.4.0/../../../../avr/lib/avrxmega2\libm.a(addsf3x.o)
                              c:/program files (x86)/atmel/studio/7.0/toolchain/avr8/avr8-gnu-toolchain/bin/../lib/gcc/avr/5.4.0/../../../../avr/lib/avrxmega2\libm.a(addsf3.o) (__addsf3x)
c:/program files (x86)/atmel/studio/7.0/toolchain/avr8/avr8-gnu-toolchain/bin/../lib/gcc/avr/5.4.0/../../../../avr/lib/avrxmega2\libm.a(cmpsf2.o)
                              main.o (__ltsf2)
c:/program files (x86)/atmel/studio/7.0/toolchain/avr8/avr8-gnu-toolchain/bin/../lib/gcc/avr/5.4.0/../../../../avr/lib/avrxmega2\libm.a(divsf3.o)
                              ft800_functions.o (__divsf3)
c:/program files (x86)/atmel/studio/7.0/toolchain/avr8/avr8-gnu-toolchain/bin/../lib/gcc/avr/5.4.0/../../../../avr/lib/avrxmega2\libm.a(divsf3x.o)
                              c:/program files (x86)/atmel/studio/7.0/toolchain/avr8/avr8-gnu-toolchain/bin/../lib/gcc/avr/5.4.0/../../../../avr/lib/avrxmega2\libm.a(divsf3.o) (__divsf3x)
c:/program files (x86)/atmel/studio/7.0/toolchain/avr8/avr8-gnu-toolchain/bin/../lib/gcc/avr/5.4.0/../../../../avr/lib/avrxmega2\libm.a(fixsfsi.o)
                              ft800_functions.o (__fixsfsi)
c:/program files (x86)/atmel/studio/7.0/toolchain/avr8/avr8-gnu-toolchain/bin/../lib/gcc/avr/5.4.0/../../../../avr/lib/avrxmega2\libm.a(fixunssfsi.o)
                              ft800_functions.o (__fixunssfsi)
c:/program files (x86)/atmel/studio/7.0/toolchain/avr8/avr8-gnu-toolchain/bin/../lib/gcc/avr/5.4.0/../../../../avr/lib/avrxmega2\libm.a(floatsisf.o)
                              ft800_functions.o (__floatunsisf)
c:/program files (x86)/atmel/studio/7.0/toolchain/avr8/avr8-gnu-toolchain/bin/../lib/gcc/avr/5.4.0/../../../../avr/lib/avrxmega2\libm.a(fp_cmp.o)
                              c:/program files (x86)/atmel/studio/7.0/toolchain/avr8/avr8-gnu-toolchain/bin/../lib/gcc/avr/5.4.0/../../../../avr/lib/avrxmega2\libm.a(cmpsf2.o) (__fp_cmp)
c:/program files (x86)/atmel/studio/7.0/toolchain/avr8/avr8-gnu-toolchain/bin/../lib/gcc/avr/5.4.0/../../../../avr/lib/avrxmega2\libm.a(fp_inf.o)
                              c:/program files (x86)/atmel/studio/7.0/toolchain/avr8/avr8-gnu-toolchain/bin/../lib/gcc/avr/5.4.0/../../../../avr/lib/avrxmega2\libm.a(addsf3x.o) (__fp_inf)
c:/program files (x86)/atmel/studio/7.0/toolchain/avr8/avr8-gnu-toolchain/bin/../lib/gcc/avr/5.4.0/../../../../avr/lib/avrxmega2\libm.a(fp_nan.o)
                              c:/program files (x86)/atmel/studio/7.0/toolchain/avr8/avr8-gnu-toolchain/bin/../lib/gcc/avr/5.4.0/../../../../avr/lib/avrxmega2\libm.a(addsf3x.o) (__fp_nan)
c:/program files (x86)/atmel/studio/7.0/toolchain/avr8/avr8-gnu-toolchain/bin/../lib/gcc/avr/5.4.0/../../../../avr/lib/avrxmega2\libm.a(fp_pscA.o)
                              c:/program files (x86)/atmel/studio/7.0/toolchain/avr8/avr8-gnu-toolchain/bin/../lib/gcc/avr/5.4.0/../../../../avr/lib/avrxmega2\libm.a(addsf3x.o) (__fp_pscA)
c:/program files (x86)/atmel/studio/7.0/toolchain/avr8/avr8-gnu-toolchain/bin/../lib/gcc/avr/5.4.0/../../../../avr/lib/avrxmega2\libm.a(fp_pscB.o)
                              c:/program files (x86)/atmel/studio/7.0/toolchain/avr8/avr8-gnu-toolchain/bin/../lib/gcc/avr/5.4.0/../../../../avr/lib/avrxmega2\libm.a(addsf3x.o) (__fp_pscB)
c:/program files (x86)/atmel/studio/7.0/toolchain/avr8/avr8-gnu-toolchain/bin/../lib/gcc/avr/5.4.0/../../../../avr/lib/avrxmega2\libm.a(fp_round.o)
                              c:/program files (x86)/atmel/studio/7.0/toolchain/avr8/avr8-gnu-toolchain/bin/../lib/gcc/avr/5.4.0/../../../../avr/lib/avrxmega2\libm.a(addsf3.o) (__fp_round)
c:/program files (x86)/atmel/studio/7.0/toolchain/avr8/avr8-gnu-toolchain/bin/../lib/gcc/avr/5.4.0/../../../../avr/lib/avrxmega2\libm.a(fp_split3.o)
                              c:/program files (x86)/atmel/studio/7.0/toolchain/avr8/avr8-gnu-toolchain/bin/../lib/gcc/avr/5.4.0/../../../../avr/lib/avrxmega2\libm.a(addsf3x.o) (__fp_split3)
c:/program files (x86)/atmel/studio/7.0/toolchain/avr8/avr8-gnu-toolchain/bin/../lib/gcc/avr/5.4.0/../../../../avr/lib/avrxmega2\libm.a(fp_zero.o)
                              c:/program files (x86)/atmel/studio/7.0/toolchain/avr8/avr8-gnu-toolchain/bin/../lib/gcc/avr/5.4.0/../../../../avr/lib/avrxmega2\libm.a(addsf3x.o) (__fp_zero)
c:/program files (x86)/atmel/studio/7.0/toolchain/avr8/avr8-gnu-toolchain/bin/../lib/gcc/avr/5.4.0/../../../../avr/lib/avrxmega2\libm.a(gesf2.o)
                              main.o (__gtsf2)
c:/program files (x86)/atmel/studio/7.0/toolchain/avr8/avr8-gnu-toolchain/bin/../lib/gcc/avr/5.4.0/../../../../avr/lib/avrxmega2\libm.a(log10.o)
[...]
Memory Configuration

Name             Origin             Length             Attributes
text             0x00000000         0x00100000         xr
data             0x00802000         0x0000ffa0         rw !x
eeprom           0x00810000         0x00010000         rw !x
fuse             0x00820000         0x00000006         rw !x
lock             0x00830000         0x00000400         rw !x
signature        0x00840000         0x00000400         rw !x
user_signatures  0x00850000         0x00000400         rw !x
*default*        0x00000000         0xffffffff

Linker script and memory map

LOAD C:/Program Files (x86)/Atmel/Studio/7.0/Packs/atmel/XMEGAA_DFP/1.1.68/gcc/dev/atxmega32a4u/avrxmega2/crtatxmega32a4u.o
LOAD ft800_functions.o
LOAD ina226.o
LOAD main.o
LOAD program_functions.o
LOAD setting_current_functions.o
LOAD twi_master_driver.o
START GROUP
LOAD c:/program files (x86)/atmel/studio/7.0/toolchain/avr8/avr8-gnu-toolchain/bin/../lib/gcc/avr/5.4.0/../../../../avr/lib/avrxmega2\libm.a
END GROUP
START GROUP
LOAD c:/program files (x86)/atmel/studio/7.0/toolchain/avr8/avr8-gnu-toolchain/bin/../lib/gcc/avr/5.4.0/avrxmega2\libgcc.a
LOAD c:/program files (x86)/atmel/studio/7.0/toolchain/avr8/avr8-gnu-toolchain/bin/../lib/gcc/avr/5.4.0/../../../../avr/lib/avrxmega2\libm.a
LOAD c:/program files (x86)/atmel/studio/7.0/toolchain/avr8/avr8-gnu-toolchain/bin/../lib/gcc/avr/5.4.0/../../../../avr/lib/avrxmega2\libc.a
LOAD C:/Program Files (x86)/Atmel/Studio/7.0/Packs/atmel/XMEGAA_DFP/1.1.68/gcc/dev/atxmega32a4u/avrxmega2\libatxmega32a4u.a
END GROUP
                0x00100000                __TEXT_REGION_LENGTH__ = DEFINED (__TEXT_REGION_LENGTH__)?__TEXT_REGION_LENGTH__:0x100000
                0x0000ffa0                __DATA_REGION_LENGTH__ = DEFINED (__DATA_REGION_LENGTH__)?__DATA_REGION_LENGTH__:0xffa0
                0x00010000                __EEPROM_REGION_LENGTH__ = DEFINED (__EEPROM_REGION_LENGTH__)?__EEPROM_REGION_LENGTH__:0x10000
                [0x00000006]                __FUSE_REGION_LENGTH__ = DEFINED (__FUSE_REGION_LENGTH__)?__FUSE_REGION_LENGTH__:0x400
                0x00000400                __LOCK_REGION_LENGTH__ = DEFINED (__LOCK_REGION_LENGTH__)?__LOCK_REGION_LENGTH__:0x400
                0x00000400                __SIGNATURE_REGION_LENGTH__ = DEFINED (__SIGNATURE_REGION_LENGTH__)?__SIGNATURE_REGION_LENGTH__:0x400
                0x00000400                __USER_SIGNATURE_REGION_LENGTH__ = DEFINED (__USER_SIGNATURE_REGION_LENGTH__)?__USER_SIGNATURE_REGION_LENGTH__:0x400

.hash
 *(.hash)

.dynsym
 *(.dynsym)

.dynstr
 *(.dynstr)

.gnu.version
 *(.gnu.version)

.gnu.version_d
 *(.gnu.version_d)

.gnu.version_r
 *(.gnu.version_r)

.rel.init
 *(.rel.init)

.rela.init
 *(.rela.init)

.rel.text
 *(.rel.text)
 *(.rel.text.*)
 *(.rel.gnu.linkonce.t*)

.rela.text
 *(.rela.text)
 *(.rela.text.*)
 *(.rela.gnu.linkonce.t*)

.rel.fini
 *(.rel.fini)

.rela.fini
 *(.rela.fini)

.rel.rodata
 *(.rel.rodata)
 *(.rel.rodata.*)
 *(.rel.gnu.linkonce.r*)

.rela.rodata
 *(.rela.rodata)
 *(.rela.rodata.*)
 *(.rela.gnu.linkonce.r*)

.rel.data
 *(.rel.data)
 *(.rel.data.*)
 *(.rel.gnu.linkonce.d*)

.rela.data
 *(.rela.data)
 *(.rela.data.*)
 *(.rela.gnu.linkonce.d*)

.rel.ctors
 *(.rel.ctors)

.rela.ctors
 *(.rela.ctors)

.rel.dtors
 *(.rel.dtors)

.rela.dtors
 *(.rela.dtors)

.rel.got
 *(.rel.got)

.rela.got
 *(.rela.got)

.rel.bss
 *(.rel.bss)

.rela.bss
 *(.rela.bss)

.rel.plt
 *(.rel.plt)

.rela.plt
 *(.rela.plt)

.text           0x00000000     0x79aa
 *(.vectors)
 .vectors       0x00000000      0x1fc C:/Program Files (x86)/Atmel/Studio/7.0/Packs/atmel/XMEGAA_DFP/1.1.68/gcc/dev/atxmega32a4u/avrxmega2/crtatxmega32a4u.o
                0x00000000                __vector_default
                0x00000000                __vectors
 *(.vectors)
 *(.progmem.gcc*)
 .progmem.gcc_sw_table.draw_message_box
                0x000001fc       0x22 ft800_functions.o
 .progmem.gcc_fplib
                0x0000021e       0x5a c:/program files (x86)/atmel/studio/7.0/toolchain/avr8/avr8-gnu-toolchain/bin/../lib/gcc/avr/5.4.0/../../../../avr/lib/avrxmega2\libm.a(log.o)
                0x00000278                . = ALIGN (0x2)
                0x00000278                __trampolines_start = .
 *(.trampolines)
 .trampolines   0x00000278        0x0 linker stubs
 *(.trampolines*)
                0x00000278                __trampolines_end = .
 *libprintf_flt.a:*(.progmem.data)
 *libc.a:*(.progmem.data)
 *(.progmem*)
                0x00000278                . = ALIGN (0x2)
 *(.jumptables)
 *(.jumptables*)
 *(.lowtext)
 *(.lowtext*)
                0x00000278                __ctors_start = .
 *(.ctors)
                0x00000278                __ctors_end = .
                0x00000278                __dtors_start = .
 *(.dtors)
                0x00000278                __dtors_end = .
 SORT(*)(.ctors)
 SORT(*)(.dtors)
 *(.init0)
 .init0         0x00000278        0x0 C:/Program Files (x86)/Atmel/Studio/7.0/Packs/atmel/XMEGAA_DFP/1.1.68/gcc/dev/atxmega32a4u/avrxmega2/crtatxmega32a4u.o
                0x00000278                __init
 *(.init0)
 *(.init1)
 *(.init1)
 *(.init2)
 .init2         0x00000278        0xc C:/Program Files (x86)/Atmel/Studio/7.0/Packs/atmel/XMEGAA_DFP/1.1.68/gcc/dev/atxmega32a4u/avrxmega2/crtatxmega32a4u.o
 *(.init2)
 *(.init3)
 *(.init3)
 *(.init4)
 .init4         0x00000284       0x16 c:/program files (x86)/atmel/studio/7.0/toolchain/avr8/avr8-gnu-toolchain/bin/../lib/gcc/avr/5.4.0/avrxmega2\libgcc.a(_copy_data.o)
                0x00000284                __do_copy_data
 .init4         0x0000029a       0x10 c:/program files (x86)/atmel/studio/7.0/toolchain/avr8/avr8-gnu-toolchain/bin/../lib/gcc/avr/5.4.0/avrxmega2\libgcc.a(_clear_bss.o)
                0x0000029a                __do_clear_bss
 *(.init4)
 *(.init5)
 *(.init5)
 *(.init6)
 *(.init6)
 *(.init7)
 *(.init7)
 *(.init8)
 *(.init8)
 *(.init9)
 .init9         0x000002aa        0x8 C:/Program Files (x86)/Atmel/Studio/7.0/Packs/atmel/XMEGAA_DFP/1.1.68/gcc/dev/atxmega32a4u/avrxmega2/crtatxmega32a4u.o
 *(.init9)
 *(.text)
 .text          0x000002b2        0x4 C:/Program Files (x86)/Atmel/Studio/7.0/Packs/atmel/XMEGAA_DFP/1.1.68/gcc/dev/atxmega32a4u/avrxmega2/crtatxmega32a4u.o
                0x000002b2                __vector_38
                0x000002b2                __vector_104
                0x000002b2                __vector_22
                0x000002b2                __vector_63
                0x000002b2                __vector_28
                0x000002b2                __vector_67
                0x000002b2                __vector_1
                0x000002b2                __vector_119
                0x000002b2                __vector_32
                0x000002b2                __vector_75
                0x000002b2                __vector_71
                0x000002b2                __vector_91
                0x000002b2                __vector_34
                0x000002b2                __vector_62
                0x000002b2                __vector_77
                0x000002b2                __vector_102
                0x000002b2                __vector_24
                0x000002b2                __vector_12
                0x000002b2                __vector_55
                0x000002b2                __vector_69
                0x000002b2                __vector_81
                0x000002b2                __vector_90
                0x000002b2                __bad_interrupt
                0x000002b2                __vector_122
                0x000002b2                __vector_72
                0x000002b2                __vector_114
                0x000002b2                __vector_6
                0x000002b2                __vector_110
                0x000002b2                __vector_31
                0x000002b2                __vector_92
                0x000002b2                __vector_35
                0x000002b2                __vector_78
                0x000002b2                __vector_74
                0x000002b2                __vector_117
                0x000002b2                __vector_39
                0x000002b2                __vector_107
                0x000002b2                __vector_3
                0x000002b2                __vector_105
                0x000002b2                __vector_98
                0x000002b2                __vector_23
                0x000002b2                __vector_68
                0x000002b2                __vector_30
                0x000002b2                __vector_73
                0x000002b2                __vector_45
                0x000002b2                __vector_25
                0x000002b2                __vector_93
                0x000002b2                __vector_61
                0x000002b2                __vector_11
                0x000002b2                __vector_54
                0x000002b2                __vector_99
                0x000002b2                __vector_17
                0x000002b2                __vector_19
                0x000002b2                __vector_56
                0x000002b2                __vector_7
                0x000002b2                __vector_125
                0x000002b2                __vector_49
                0x000002b2                __vector_123
                0x000002b2                __vector_41
                0x000002b2                __vector_86
                0x000002b2                __vector_100
                0x000002b2                __vector_101
                0x000002b2                __vector_64
                0x000002b2                __vector_88
                0x000002b2                __vector_109
                0x000002b2                __vector_43
                0x000002b2                __vector_27
                0x000002b2                __vector_5
                0x000002b2                __vector_113
                0x000002b2                __vector_33
                0x000002b2                __vector_76
                0x000002b2                __vector_115
                0x000002b2                __vector_47
                0x000002b2                __vector_52
                0x000002b2                __vector_37
                0x000002b2                __vector_95
                0x000002b2                __vector_103
                0x000002b2                __vector_96
                0x000002b2                __vector_89
                0x000002b2                __vector_108
                0x000002b2                __vector_4
                0x000002b2                __vector_44
                0x000002b2                __vector_82
                0x000002b2                __vector_106
                0x000002b2                __vector_118
                0x000002b2                __vector_51
                0x000002b2                __vector_9
                0x000002b2                __vector_2
                0x000002b2                __vector_21
                0x000002b2                __vector_15
                0x000002b2                __vector_36
                0x000002b2                __vector_79
                0x000002b2                __vector_58
                0x000002b2                __vector_70
                0x000002b2                __vector_83
                0x000002b2                __vector_29
                0x000002b2                __vector_60
                0x000002b2                __vector_121
                0x000002b2                __vector_40
                0x000002b2                __vector_85
                0x000002b2                __vector_94
                0x000002b2                __vector_126
                0x000002b2                __vector_8
                0x000002b2                __vector_26
                0x000002b2                __vector_48
                0x000002b2                __vector_124
                0x000002b2                __vector_116
                0x000002b2                __vector_112
                0x000002b2                __vector_111
                0x000002b2                __vector_80
                0x000002b2                __vector_14
                0x000002b2                __vector_84
                0x000002b2                __vector_57
                0x000002b2                __vector_53
                0x000002b2                __vector_50
                0x000002b2                __vector_16
                0x000002b2                __vector_59
                0x000002b2                __vector_18
                0x000002b2                __vector_97
                0x000002b2                __vector_20
                0x000002b2                __vector_42
                0x000002b2                __vector_87
                0x000002b2                __vector_65
                0x000002b2                __vector_120
                0x000002b6                . = ALIGN (0x2)
 *(.text.*)
 .text.wr32     0x000002b6       0x7a ft800_functions.o
                0x000002b6                wr32
 .text.wr16     0x00000330       0x5e ft800_functions.o
                0x00000330                wr16
 .text.wr8      0x0000038e       0x52 ft800_functions.o
                0x0000038e                wr8
 .text.host_command
                0x000003e0       0x2c ft800_functions.o
                0x000003e0                host_command
 .text.rd8      0x0000040c       0x68 ft800_functions.o
                0x0000040c                rd8
 .text.FT813_init
                0x00000474      0x18e ft800_functions.o
                0x00000474                FT813_init
 .text.cmd      0x00000602       0x74 ft800_functions.o
                0x00000602                cmd
 .text.cmd_2    0x00000676       0x34 ft800_functions.o
                0x00000676                cmd_2
 .text.cmd_1    0x000006aa       0x34 ft800_functions.o
                0x000006aa                cmd_1
 .text.cmd_text
                0x000006de       0x82 ft800_functions.o
                0x000006de                cmd_text
 .text.VERTEX2II
                0x00000760       0x84 ft800_functions.o
                0x00000760                VERTEX2II
 .text.draw_character
                0x000007e4       0x70 ft800_functions.o
                0x000007e4                draw_character
 .text.draw_text
                0x00000854      0x12e ft800_functions.o
                0x00000854                draw_text
 .text.int_to_char_array
                0x00000982       0x9e ft800_functions.o
                0x00000982                int_to_char_array
 .text.number_of_digits
                0x00000a20       0x24 ft800_functions.o
                0x00000a20                number_of_digits
 .text.display_digital_reading
                0x00000a44       0xca ft800_functions.o
                0x00000a44                display_digital_reading
 .text.draw_one_pixel_line
                0x00000b0e       0x3e ft800_functions.o
                0x00000b0e                draw_one_pixel_line
 .text.draw_gauge
                0x00000b4c      0x170 ft800_functions.o
                0x00000b4c                draw_gauge
 .text.draw_gauge_and_partial_snapshot
                0x00000cbc       0xde ft800_functions.o
                0x00000cbc                draw_gauge_and_partial_snapshot
 .text.draw_settings_page
                0x00000d9a      0x960 ft800_functions.o
                0x00000d9a                draw_settings_page
 .text.draw_message_box
                0x000016fa      0x7b6 ft800_functions.o
                0x000016fa                draw_message_box
 .text.draw_startup_screen
                0x00001eb0      0x3e6 ft800_functions.o
                0x00001eb0                draw_startup_screen
 .text.round_to_tens
                0x00002296       0x30 ft800_functions.o
                0x00002296                round_to_tens
 .text.draw_current_and_voltage
                0x000022c6      0x6b8 ft800_functions.o
                0x000022c6                draw_current_and_voltage
 .text.write_screen
                0x0000297e      0x180 ft800_functions.o
                0x0000297e                write_screen
 .text.INA_Write
                0x00002afe       0x84 ina226.o
                0x00002afe                INA_Write
 .text.INA_Read_Long
                0x00002b82       0x8a ina226.o
                0x00002b82                INA_Read_Long
 .text.low_INA_averaging
                0x00002c0c       0x24 ina226.o
                0x00002c0c                low_INA_averaging
 .text.high_INA_averaging
                0x00002c30        0x4 ina226.o
                0x00002c30                high_INA_averaging
 .text.get_voltage
                0x00002c34       0x76 ina226.o
                0x00002c34                get_voltage
 .text.get_current
                0x00002caa       0xa4 ina226.o
                0x00002caa                get_current
 .text.init_ports_out_low
                0x00002d4e       0x2e main.o
                0x00002d4e                init_ports_out_low
 .text.initialize
                0x00002d7c       0xec main.o
                0x00002d7c                initialize
 .text.figure_out_which_program
                0x00002e68       0x2c main.o
                0x00002e68                figure_out_which_program
 .text.initialize_variables
                0x00002e94      0x3d6 main.o
                0x00002e94                initialize_variables
 .text.execute_maintenance_functions
                0x0000326a      0x60c main.o
                0x0000326a                execute_maintenance_functions
 .text.read_current_and_voltage
                0x00003876      0x144 main.o
                0x00003876                read_current_and_voltage
 .text.startup.main
                0x000039ba      0x214 main.o
                0x000039ba                main
 .text.__vector_10
                0x00003bce      0x60e main.o
                0x00003bce                __vector_10
 .text.__vector_13
                0x000041dc       0x54 main.o
                0x000041dc                __vector_13
 .text.__vector_46
                0x00004230       0x54 main.o
                0x00004230                __vector_46
 .text.debounce
                0x00004284       0x5c main.o
                0x00004284                debounce
 .text.__vector_66
                0x000042e0      0x3ec main.o
                0x000042e0                __vector_66
 .text.decrease_target_current
                0x000046cc       0x7a program_functions.o
                0x000046cc                decrease_target_current
 .text.increase_target_current
                0x00004746       0xa0 program_functions.o
                0x00004746                increase_target_current
 .text.get_ambient_brightness
                0x000047e6       0x54 program_functions.o
                0x000047e6                get_ambient_brightness
 .text.blink_red
                0x0000483a        0xe program_functions.o
                0x0000483a                blink_red
 .text.blink_yellow
                0x00004848       0x2c program_functions.o
                0x00004848                blink_yellow
 .text.blink_green
                0x00004874        0xe program_functions.o
                0x00004874                blink_green
 .text.blink_led
                0x00004882       0x7c program_functions.o
                0x00004882                blink_led
 .text.load_values_from_eeprom
                0x000048fe      0x1de program_functions.o
                0x000048fe                load_values_from_eeprom
 .text.clear_all_errors
                0x00004adc       0x6c program_functions.o
                0x00004adc                clear_all_errors
 .text.handle_encoder_clicks
                0x00004b48      0x3a8 program_functions.o
                0x00004b48                handle_encoder_clicks
 .text.handle_over_temperature
                0x00004ef0      0x246 program_functions.o
                0x00004ef0                handle_over_temperature
 .text.check_voltage_drift
                0x00005136      0x1bc program_functions.o
                0x00005136                check_voltage_drift
 .text.check_save_voltage
                0x000052f2       0xca program_functions.o
                0x000052f2                check_save_voltage
 .text.read_pson
                0x000053bc       0x36 program_functions.o
                0x000053bc                read_pson
 .text.calibrate_unit
                0x000053f2      0x3d0 program_functions.o
                0x000053f2                calibrate_unit
 .text.calibrate_value
                0x000057c2      0x1b4 program_functions.o
                0x000057c2                calibrate_value
 .text.write_pwm_to_41ec
                0x00005976       0x66 setting_current_functions.o
                0x00005976                write_pwm_to_41ec
 .text.write_to_dac101c085
                0x000059dc       0x28 setting_current_functions.o
                0x000059dc                write_to_dac101c085
 .text.clear_pwms
                0x00005a04       0x26 setting_current_functions.o
                0x00005a04                clear_pwms
 .text.clear_dummy_dacs
                0x00005a2a       0x26 setting_current_functions.o
                0x00005a2a                clear_dummy_dacs
 .text.set_current_thirty_eight
                0x00005a50       0x14 setting_current_functions.o
                0x00005a50                set_current_thirty_eight
 .text.set_current_fourty_two_1
                0x00005a64       0x58 setting_current_functions.o
                0x00005a64                set_current_fourty_two_1
 .text.set_current_fourty_two_2
                0x00005abc       0x18 setting_current_functions.o
                0x00005abc                set_current_fourty_two_2
 .text.read_external_eeprom
                0x00005ad4      0x1b0 setting_current_functions.o
                0x00005ad4                read_external_eeprom
 .text.set_current
                0x00005c84      0x248 setting_current_functions.o
                0x00005c84                set_current
 .text.set_current_calibrate
                0x00005ecc      0x574 setting_current_functions.o
                0x00005ecc                set_current_calibrate
 .text.write_external_eeprom
                0x00006440      0x112 setting_current_functions.o
                0x00006440                write_external_eeprom
 .text.TWI_MasterTransactionFinished.part.1
                0x00006552       0xc2 twi_master_driver.o
 .text.TWI_MasterInit
                0x00006614       0x2a twi_master_driver.o
                0x00006614                TWI_MasterInit
 .text.TWI_MasterWriteRead
                0x0000663e       0x86 twi_master_driver.o
                0x0000663e                TWI_MasterWriteRead
 .text.TWI_MasterWrite
                0x000066c4       0x3a twi_master_driver.o
                0x000066c4                TWI_MasterWrite
 .text.TWI_MasterRead
                0x000066fe       0x34 twi_master_driver.o
                0x000066fe                TWI_MasterRead
 .text.TWI_MasterArbitrationLostBusErrorHandler
                0x00006732       0x22 twi_master_driver.o
                0x00006732                TWI_MasterArbitrationLostBusErrorHandler
 .text.TWI_MasterTransactionFinished
                0x00006754       0x54 twi_master_driver.o
                0x00006754                TWI_MasterTransactionFinished
 .text.TWI_MasterWriteHandler
                0x000067a8      0x16c twi_master_driver.o
                0x000067a8                TWI_MasterWriteHandler
 .text.TWI_MasterReadHandler
                0x00006914       0x56 twi_master_driver.o
                0x00006914                TWI_MasterReadHandler
 .text.TWI_MasterInterruptHandler
                0x0000696a       0x2a twi_master_driver.o
                0x0000696a                TWI_MasterInterruptHandler
 .text.avr-libc.fplib
                0x00006994        0xe c:/program files (x86)/atmel/studio/7.0/toolchain/avr8/avr8-gnu-toolchain/bin/../lib/gcc/avr/5.4.0/../../../../avr/lib/avrxmega2\libm.a(addsf3.o)
                0x00006994                __subsf3
                0x00006996                __addsf3
 .text.avr-libc.fplib
                0x000069a2       0xcc c:/program files (x86)/atmel/studio/7.0/toolchain/avr8/avr8-gnu-toolchain/bin/../lib/gcc/avr/5.4.0/../../../../avr/lib/avrxmega2\libm.a(addsf3x.o)
                0x000069c4                __addsf3x
 .text.avr-libc.fplib
                0x00006a6e        0xa c:/program files (x86)/atmel/studio/7.0/toolchain/avr8/avr8-gnu-toolchain/bin/../lib/gcc/avr/5.4.0/../../../../avr/lib/avrxmega2\libm.a(cmpsf2.o)
                0x00006a6e                __nesf2
                0x00006a6e                __eqsf2
                0x00006a6e                __cmpsf2
                0x00006a6e                __ltsf2
                0x00006a6e                __lesf2
 .text.avr-libc.fplib
                0x00006a78        0x8 c:/program files (x86)/atmel/studio/7.0/toolchain/avr8/avr8-gnu-toolchain/bin/../lib/gcc/avr/5.4.0/../../../../avr/lib/avrxmega2\libm.a(divsf3.o)
                0x00006a78                __divsf3
 .text.avr-libc.fplib
                0x00006a80       0xdc c:/program files (x86)/atmel/studio/7.0/toolchain/avr8/avr8-gnu-toolchain/bin/../lib/gcc/avr/5.4.0/../../../../avr/lib/avrxmega2\libm.a(divsf3x.o)
                0x00006aa0                __divsf3x
                0x00006aa6                __divsf3_pse
 .text.avr-libc.fplib
                0x00006b5c        0xe c:/program files (x86)/atmel/studio/7.0/toolchain/avr8/avr8-gnu-toolchain/bin/../lib/gcc/avr/5.4.0/../../../../avr/lib/avrxmega2\libm.a(fixsfsi.o)
                0x00006b5c                __fixsfsi
 .text.avr-libc.fplib
                0x00006b6a       0x5e c:/program files (x86)/atmel/studio/7.0/toolchain/avr8/avr8-gnu-toolchain/bin/../lib/gcc/avr/5.4.0/../../../../avr/lib/avrxmega2\libm.a(fixunssfsi.o)
                0x00006b6a                __fixunssfsi
 .text.avr-libc.fplib
                0x00006bc8       0x7a c:/program files (x86)/atmel/studio/7.0/toolchain/avr8/avr8-gnu-toolchain/bin/../lib/gcc/avr/5.4.0/../../../../avr/lib/avrxmega2\libm.a(floatsisf.o)
                0x00006bc8                __floatunsisf
                0x00006bcc                __floatsisf
 .text.avr-libc.fplib
                0x00006c42       0x48 c:/program files (x86)/atmel/studio/7.0/toolchain/avr8/avr8-gnu-toolchain/bin/../lib/gcc/avr/5.4.0/../../../../avr/lib/avrxmega2\libm.a(fp_cmp.o)
                0x00006c42                __fp_cmp
 .text.avr-libc.fplib
                0x00006c8a        0xc c:/program files (x86)/atmel/studio/7.0/toolchain/avr8/avr8-gnu-toolchain/bin/../lib/gcc/avr/5.4.0/../../../../avr/lib/avrxmega2\libm.a(fp_inf.o)
                0x00006c8a                __fp_inf
 .text.avr-libc.fplib
                0x00006c96        0x6 c:/program files (x86)/atmel/studio/7.0/toolchain/avr8/avr8-gnu-toolchain/bin/../lib/gcc/avr/5.4.0/../../../../avr/lib/avrxmega2\libm.a(fp_nan.o)
                0x00006c96                __fp_nan
 .text.avr-libc.fplib
                0x00006c9c        0xe c:/program files (x86)/atmel/studio/7.0/toolchain/avr8/avr8-gnu-toolchain/bin/../lib/gcc/avr/5.4.0/../../../../avr/lib/avrxmega2\libm.a(fp_pscA.o)
                0x00006c9c                __fp_pscA
 .text.avr-libc.fplib
                0x00006caa        0xe c:/program files (x86)/atmel/studio/7.0/toolchain/avr8/avr8-gnu-toolchain/bin/../lib/gcc/avr/5.4.0/../../../../avr/lib/avrxmega2\libm.a(fp_pscB.o)
                0x00006caa                __fp_pscB
 .text.avr-libc.fplib
                0x00006cb8       0x22 c:/program files (x86)/atmel/studio/7.0/toolchain/avr8/avr8-gnu-toolchain/bin/../lib/gcc/avr/5.4.0/../../../../avr/lib/avrxmega2\libm.a(fp_round.o)
                0x00006cb8                __fp_round
 .text.avr-libc.fplib
                0x00006cda       0x44 c:/program files (x86)/atmel/studio/7.0/toolchain/avr8/avr8-gnu-toolchain/bin/../lib/gcc/avr/5.4.0/../../../../avr/lib/avrxmega2\libm.a(fp_split3.o)
                0x00006cda                __fp_split3
                0x00006cea                __fp_splitA
 .text.avr-libc.fplib
                0x00006d1e        0xe c:/program files (x86)/atmel/studio/7.0/toolchain/avr8/avr8-gnu-toolchain/bin/../lib/gcc/avr/5.4.0/../../../../avr/lib/avrxmega2\libm.a(fp_zero.o)
                0x00006d1e                __fp_zero
                0x00006d20                __fp_szero
 .text.avr-libc.fplib
                0x00006d2c        0xa c:/program files (x86)/atmel/studio/7.0/toolchain/avr8/avr8-gnu-toolchain/bin/../lib/gcc/avr/5.4.0/../../../../avr/lib/avrxmega2\libm.a(gesf2.o)
                0x00006d2c                __gesf2
                0x00006d2c                __gtsf2
 .text.avr-libc.fplib
                0x00006d36       0x10 c:/program files (x86)/atmel/studio/7.0/toolchain/avr8/avr8-gnu-toolchain/bin/../lib/gcc/avr/5.4.0/../../../../avr/lib/avrxmega2\libm.a(log10.o)
                0x00006d36                log10
 .text.avr-libc.fplib
                0x00006d46       0xa0 c:/program files (x86)/atmel/studio/7.0/toolchain/avr8/avr8-gnu-toolchain/bin/../lib/gcc/avr/5.4.0/../../../../avr/lib/avrxmega2\libm.a(log.o)
                0x00006d56                log
 .text.avr-libc.fplib
                0x00006de6        0x8 c:/program files (x86)/atmel/studio/7.0/toolchain/avr8/avr8-gnu-toolchain/bin/../lib/gcc/avr/5.4.0/../../../../avr/lib/avrxmega2\libm.a(mulsf3.o)
                0x00006de6                __mulsf3
 .text.avr-libc.fplib
                0x00006dee       0xd2 c:/program files (x86)/atmel/studio/7.0/toolchain/avr8/avr8-gnu-toolchain/bin/../lib/gcc/avr/5.4.0/../../../../avr/lib/avrxmega2\libm.a(mulsf3x.o)
                0x00006e0c                __mulsf3x
                0x00006e12                __mulsf3_pse
 .text.avr-libc.fplib
                0x00006ec0       0x48 c:/program files (x86)/atmel/studio/7.0/toolchain/avr8/avr8-gnu-toolchain/bin/../lib/gcc/avr/5.4.0/../../../../avr/lib/avrxmega2\libm.a(round.o)
                0x00006ec0                round
 .text.avr-libc.fplib
                0x00006f08       0x36 c:/program files (x86)/atmel/studio/7.0/toolchain/avr8/avr8-gnu-toolchain/bin/../lib/gcc/avr/5.4.0/../../../../avr/lib/avrxmega2\libm.a(fp_mintl.o)
                0x00006f08                __fp_mintl
 .text.avr-libc.fplib
                0x00006f3e       0x1c c:/program files (x86)/atmel/studio/7.0/toolchain/avr8/avr8-gnu-toolchain/bin/../lib/gcc/avr/5.4.0/../../../../avr/lib/avrxmega2\libm.a(fp_mpack.o)
                0x00006f3e                __fp_mpack
                0x00006f42                __fp_mpack_finite
 .text.avr-libc.fplib
                0x00006f5a       0x4e c:/program files (x86)/atmel/studio/7.0/toolchain/avr8/avr8-gnu-toolchain/bin/../lib/gcc/avr/5.4.0/../../../../avr/lib/avrxmega2\libm.a(fp_powser.o)
                0x00006f5a                __fp_powser
 .text.libgcc.div
                0x00006fa8       0x28 c:/program files (x86)/atmel/studio/7.0/toolchain/avr8/avr8-gnu-toolchain/bin/../lib/gcc/avr/5.4.0/avrxmega2\libgcc.a(_udivmodhi4.o)
                0x00006fa8                __udivmodhi4
 .text.libgcc.div
                0x00006fd0       0x28 c:/program files (x86)/atmel/studio/7.0/toolchain/avr8/avr8-gnu-toolchain/bin/../lib/gcc/avr/5.4.0/avrxmega2\libgcc.a(_divmodhi4.o)
                0x00006fd0                _div
                0x00006fd0                __divmodhi4
 .text.libgcc.div
                0x00006ff8       0x44 c:/program files (x86)/atmel/studio/7.0/toolchain/avr8/avr8-gnu-toolchain/bin/../lib/gcc/avr/5.4.0/avrxmega2\libgcc.a(_udivmodsi4.o)
                0x00006ff8                __udivmodsi4
 .text.libgcc.div
                0x0000703c       0x2e c:/program files (x86)/atmel/studio/7.0/toolchain/avr8/avr8-gnu-toolchain/bin/../lib/gcc/avr/5.4.0/avrxmega2\libgcc.a(_divmodsi4.o)
                0x0000703c                __divmodsi4
 .text.libgcc.div
                0x0000706a       0x10 c:/program files (x86)/atmel/studio/7.0/toolchain/avr8/avr8-gnu-toolchain/bin/../lib/gcc/avr/5.4.0/avrxmega2\libgcc.a(_negsi2.o)
                0x0000706a                __negsi2
 .text.libgcc   0x0000707a        0xc c:/program files (x86)/atmel/studio/7.0/toolchain/avr8/avr8-gnu-toolchain/bin/../lib/gcc/avr/5.4.0/avrxmega2\libgcc.a(_tablejump2.o)
                0x0000707a                __tablejump2__
 .text.libgcc.div
                0x00007086       0x1c c:/program files (x86)/atmel/studio/7.0/toolchain/avr8/avr8-gnu-toolchain/bin/../lib/gcc/avr/5.4.0/avrxmega2\libgcc.a(_udivdi3.o)
                0x00007086                __umoddi3
                0x0000708a                __udivdi3
                0x0000708c                __udivdi3_umoddi3
 .text.libgcc.div
                0x000070a2       0xa2 c:/program files (x86)/atmel/studio/7.0/toolchain/avr8/avr8-gnu-toolchain/bin/../lib/gcc/avr/5.4.0/avrxmega2\libgcc.a(_udivmod64.o)
                0x000070a2                __udivmod64
 .text.libgcc   0x00007144       0x18 c:/program files (x86)/atmel/studio/7.0/toolchain/avr8/avr8-gnu-toolchain/bin/../lib/gcc/avr/5.4.0/avrxmega2\libgcc.a(_adddi3_s8.o)
                0x00007144                __adddi3_s8
 .text.libgcc   0x0000715c       0x12 c:/program files (x86)/atmel/studio/7.0/toolchain/avr8/avr8-gnu-toolchain/bin/../lib/gcc/avr/5.4.0/avrxmega2\libgcc.a(_subdi3.o)
                0x0000715c                __subdi3
 .text.libgcc   0x0000716e       0x18 c:/program files (x86)/atmel/studio/7.0/toolchain/avr8/avr8-gnu-toolchain/bin/../lib/gcc/avr/5.4.0/avrxmega2\libgcc.a(_cmpdi2_s8.o)
                0x0000716e                __cmpdi2_s8
 .text.avr-libc
                0x00007186      0x242 c:/program files (x86)/atmel/studio/7.0/toolchain/avr8/avr8-gnu-toolchain/bin/../lib/gcc/avr/5.4.0/../../../../avr/lib/avrxmega2\libc.a(malloc.o)
                0x00007186                malloc
                0x000072b6                free
 .text.avr-libc
                0x000073c8       0x16 c:/program files (x86)/atmel/studio/7.0/toolchain/avr8/avr8-gnu-toolchain/bin/../lib/gcc/avr/5.4.0/../../../../avr/lib/avrxmega2\libc.a(strcat.o)
                0x000073c8                strcat
 .text.avr-libc
                0x000073de       0x44 c:/program files (x86)/atmel/studio/7.0/toolchain/avr8/avr8-gnu-toolchain/bin/../lib/gcc/avr/5.4.0/../../../../avr/lib/avrxmega2\libc.a(sprintf.o)
                0x000073de                sprintf
 .text.avr-libc
                0x00007422      0x3c2 c:/program files (x86)/atmel/studio/7.0/toolchain/avr8/avr8-gnu-toolchain/bin/../lib/gcc/avr/5.4.0/../../../../avr/lib/avrxmega2\libc.a(vfprintf_std.o)
                0x00007422                vfprintf
 .text.avr-libc
                0x000077e4       0x16 c:/program files (x86)/atmel/studio/7.0/toolchain/avr8/avr8-gnu-toolchain/bin/../lib/gcc/avr/5.4.0/../../../../avr/lib/avrxmega2\libc.a(strnlen_P.o)
                0x000077e4                strnlen_P
 .text.avr-libc
                0x000077fa       0x16 c:/program files (x86)/atmel/studio/7.0/toolchain/avr8/avr8-gnu-toolchain/bin/../lib/gcc/avr/5.4.0/../../../../avr/lib/avrxmega2\libc.a(strnlen.o)
                0x000077fa                strnlen
 .text.avr-libc
                0x00007810       0x78 c:/program files (x86)/atmel/studio/7.0/toolchain/avr8/avr8-gnu-toolchain/bin/../lib/gcc/avr/5.4.0/../../../../avr/lib/avrxmega2\libc.a(fputc.o)
                0x00007810                fputc
 .text.avr-libc
                0x00007888       0xbc c:/program files (x86)/atmel/studio/7.0/toolchain/avr8/avr8-gnu-toolchain/bin/../lib/gcc/avr/5.4.0/../../../../avr/lib/avrxmega2\libc.a(ultoa_invert.o)
                0x00007888                __ultoa_invert
 .text.libgcc.prologue
                0x00007944       0x32 c:/program files (x86)/atmel/studio/7.0/toolchain/avr8/avr8-gnu-toolchain/bin/../lib/gcc/avr/5.4.0/avrxmega2\libgcc.a(_prologue.o)
                0x00007944                __prologue_saves__
 .text.libgcc.prologue
                0x00007976       0x30 c:/program files (x86)/atmel/studio/7.0/toolchain/avr8/avr8-gnu-toolchain/bin/../lib/gcc/avr/5.4.0/avrxmega2\libgcc.a(_epilogue.o)
                0x00007976                __epilogue_restores__
                0x000079a6                . = ALIGN (0x2)
 *(.fini9)
 .fini9         0x000079a6        0x0 c:/program files (x86)/atmel/studio/7.0/toolchain/avr8/avr8-gnu-toolchain/bin/../lib/gcc/avr/5.4.0/avrxmega2\libgcc.a(_exit.o)
                0x000079a6                _exit
                0x000079a6                exit
 *(.fini9)
 *(.fini8)
 *(.fini8)
 *(.fini7)
 *(.fini7)
 *(.fini6)
 *(.fini6)
 *(.fini5)
 *(.fini5)
 *(.fini4)
 *(.fini4)
 *(.fini3)
 *(.fini3)
 *(.fini2)
 *(.fini2)
 *(.fini1)
 *(.fini1)
 *(.fini0)
 .fini0         0x000079a6        0x4 c:/program files (x86)/atmel/studio/7.0/toolchain/avr8/avr8-gnu-toolchain/bin/../lib/gcc/avr/5.4.0/avrxmega2\libgcc.a(_exit.o)
 *(.fini0)
                0x000079aa                _etext = .

.data           0x00802000      0x3de load address 0x000079aa
                0x00802000                PROVIDE (__data_start, .)
 *(.data)
 .data          0x00802000        0x6 c:/program files (x86)/atmel/studio/7.0/toolchain/avr8/avr8-gnu-toolchain/bin/../lib/gcc/avr/5.4.0/../../../../avr/lib/avrxmega2\libc.a(malloc.o)
                0x00802000                __malloc_heap_end
                0x00802002                __malloc_heap_start
                0x00802004                __malloc_margin
 *(.data*)
 .data.message_idx.5517
                0x00802006        0x2 ft800_functions.o
 .data.CLKEXT.5246
                0x00802008        0x3 ft800_functions.o
 *(.gnu.linkonce.d*)
 *(.rodata)
 .rodata        0x0080200b        0xf ft800_functions.o
 *(.rodata*)
 .rodata.str1.1
                0x0080201a      0x162 ft800_functions.o
                                0x16a (size before relaxing)
 .rodata.str1.1
                0x0080217c      0x262 main.o
                                0x2b1 (size before relaxing)
 *(.gnu.linkonce.r*)
                0x008023de                . = ALIGN (0x2)
                0x008023de                _edata = .
                0x008023de                PROVIDE (__data_end, .)

.bss            0x008023de      0x1b5
                0x008023de                PROVIDE (__bss_start, .)
 *(.bss)
 *(.bss*)
 .bss.ACTIVE.5245
                0x008023de        0x3 ft800_functions.o
 .bss.cmd_offset
                0x008023e1        0x2 ft800_functions.o
 .bss.powerGood
                0x008023e3        0x1 main.o
 *(COMMON)
 COMMON         0x008023e4      0x1ab ft800_functions.o
                0x008023e4                program_state
                0x00802419                OVER_TEMP_VALUE
                0x0080241b                gauge_y
                0x0080241d                TIME_TO_CHECK_TEMP
                0x00802421                output_two
                0x00802460                encoder_state
                0x00802464                gauge_width
                0x00802466                dummy_current_one
                0x00802468                twiMaster
                0x008024a3                output_one
                0x008024e2                dummy_current_two
                0x008024e4                counters
                0x0080251c                messages
                0x00802552                gauge_x
                0x00802554                twiMasterForEEPROM
 COMMON         0x0080258f        0x4 c:/program files (x86)/atmel/studio/7.0/toolchain/avr8/avr8-gnu-toolchain/bin/../lib/gcc/avr/5.4.0/../../../../avr/lib/avrxmega2\libc.a(malloc.o)
                0x0080258f                __brkval
                0x00802591                __flp
                0x00802593                PROVIDE (__bss_end, .)
                0x000079aa                __data_load_start = LOADADDR (.data)
                0x00007d88                __data_load_end = (__data_load_start + SIZEOF (.data))

.noinit         0x00802593        0x0
                [!provide]                PROVIDE (__noinit_start, .)
 *(.noinit*)
                [!provide]                PROVIDE (__noinit_end, .)
                0x00802593                _end = .
                0x00802593                PROVIDE (__heap_start, .)

.eeprom         0x00810000        0x0
 *(.eeprom*)
                0x00810000                __eeprom_end = .

.fuse
 *(.fuse)
 *(.lfuse)
 *(.hfuse)
 *(.efuse)

.lock
 *(.lock*)

.signature
 *(.signature*)

.user_signatures
 *(.user_signatures*)

.stab
 *(.stab)

.stabstr
 *(.stabstr)

.stab.excl
 *(.stab.excl)

.stab.exclstr
 *(.stab.exclstr)

.stab.index
 *(.stab.index)

.stab.indexstr
 *(.stab.indexstr)

.comment        0x00000000       0x5c
 *(.comment)
 .comment       0x00000000       0x30 ft800_functions.o
                                 0x31 (size before relaxing)
 .comment       0x00000030       0x31 ina226.o
 .comment       0x00000030       0x31 main.o
 .comment       0x00000030       0x31 program_functions.o
 .comment       0x00000030       0x31 setting_current_functions.o
 .comment       0x00000030       0x31 twi_master_driver.o
 .comment       0x00000030       0x31 c:/program files (x86)/atmel/studio/7.0/toolchain/avr8/avr8-gnu-toolchain/bin/../lib/gcc/avr/5.4.0/../../../../avr/lib/avrxmega2\libc.a(malloc.o)
 .comment       0x00000030       0x31 c:/program files (x86)/atmel/studio/7.0/toolchain/avr8/avr8-gnu-toolchain/bin/../lib/gcc/avr/5.4.0/../../../../avr/lib/avrxmega2\libc.a(sprintf.o)
 .comment       0x00000030       0x2c c:/program files (x86)/atmel/studio/7.0/toolchain/avr8/avr8-gnu-toolchain/bin/../lib/gcc/avr/5.4.0/../../../../avr/lib/avrxmega2\libc.a(vfprintf_std.o)
                                 0x2d (size before relaxing)
 .comment       0x0000005c       0x31 c:/program files (x86)/atmel/studio/7.0/toolchain/avr8/avr8-gnu-toolchain/bin/../lib/gcc/avr/5.4.0/../../../../avr/lib/avrxmega2\libc.a(fputc.o)

.note.gnu.avr.deviceinfo
                0x00000000       0x40
 .note.gnu.avr.deviceinfo
                0x00000000       0x40 C:/Program Files (x86)/Atmel/Studio/7.0/Packs/atmel/XMEGAA_DFP/1.1.68/gcc/dev/atxmega32a4u/avrxmega2/crtatxmega32a4u.o

.note.gnu.build-id
 *(.note.gnu.build-id)

.debug
 *(.debug)

.line
 *(.line)

.debug_srcinfo
 *(.debug_srcinfo)

.debug_sfnames
 *(.debug_sfnames)

.debug_aranges  0x00000000      0x3c8
 *(.debug_aranges)
 .debug_aranges
                0x00000000      0x188 ft800_functions.o
 .debug_aranges
                0x00000188       0x40 ina226.o
 .debug_aranges
                0x000001c8       0x78 main.o
 .debug_aranges
                0x00000240       0x98 program_functions.o
 .debug_aranges
                0x000002d8       0x78 setting_current_functions.o
 .debug_aranges
                0x00000350       0x78 twi_master_driver.o

.debug_pubnames
 *(.debug_pubnames)

.debug_info     0x00000000     0xebd4
 *(.debug_info .gnu.linkonce.wi.*)
 .debug_info    0x00000000     0x284f C:/Program Files (x86)/Atmel/Studio/7.0/Packs/atmel/XMEGAA_DFP/1.1.68/gcc/dev/atxmega32a4u/avrxmega2/crtatxmega32a4u.o
 .debug_info    0x0000284f     0x52db ft800_functions.o
 .debug_info    0x00007b2a     0x1005 ina226.o
 .debug_info    0x00008b2f     0x1de9 main.o
 .debug_info    0x0000a918     0x1698 program_functions.o
 .debug_info    0x0000bfb0     0x17d0 setting_current_functions.o
 .debug_info    0x0000d780     0x1454 twi_master_driver.o

.debug_abbrev   0x00000000     0x3b2c
 *(.debug_abbrev)
 .debug_abbrev  0x00000000     0x262c C:/Program Files (x86)/Atmel/Studio/7.0/Packs/atmel/XMEGAA_DFP/1.1.68/gcc/dev/atxmega32a4u/avrxmega2/crtatxmega32a4u.o
 .debug_abbrev  0x0000262c      0x560 ft800_functions.o
 .debug_abbrev  0x00002b8c      0x22a ina226.o
 .debug_abbrev  0x00002db6      0x347 main.o
 .debug_abbrev  0x000030fd      0x30f program_functions.o
 .debug_abbrev  0x0000340c      0x360 setting_current_functions.o
 .debug_abbrev  0x0000376c      0x3c0 twi_master_driver.o

.debug_line     0x00000000     0x4cef
 *(.debug_line .debug_line.* .debug_line_end)
 .debug_line    0x00000000      0x391 C:/Program Files (x86)/Atmel/Studio/7.0/Packs/atmel/XMEGAA_DFP/1.1.68/gcc/dev/atxmega32a4u/avrxmega2/crtatxmega32a4u.o
 .debug_line    0x00000391     0x174c ft800_functions.o
 .debug_line    0x00001add      0x329 ina226.o
 .debug_line    0x00001e06     0x10b4 main.o
 .debug_line    0x00002eba      0xd52 program_functions.o
 .debug_line    0x00003c0c      0xabe setting_current_functions.o
 .debug_line    0x000046ca      0x625 twi_master_driver.o

.debug_frame    0x00000000     0x11b4
 *(.debug_frame)
 .debug_frame   0x00000000      0x7f0 ft800_functions.o
 .debug_frame   0x000007f0       0xf4 ina226.o
 .debug_frame   0x000008e4      0x308 main.o
 .debug_frame   0x00000bec      0x298 program_functions.o
 .debug_frame   0x00000e84      0x21c setting_current_functions.o
 .debug_frame   0x000010a0      0x114 twi_master_driver.o

.debug_str      0x00000000     0x3cb2
 *(.debug_str)
 .debug_str     0x00000000     0x1aa8 C:/Program Files (x86)/Atmel/Studio/7.0/Packs/atmel/XMEGAA_DFP/1.1.68/gcc/dev/atxmega32a4u/avrxmega2/crtatxmega32a4u.o
 .debug_str     0x00001aa8     0x11b0 ft800_functions.o
                               0x12d7 (size before relaxing)
 .debug_str     0x00002c58       0xd3 ina226.o
                                0xd3f (size before relaxing)
 .debug_str     0x00002d2b      0xa01 main.o
                               0x1790 (size before relaxing)
 .debug_str     0x0000372c       0xe6 program_functions.o
                                0xf87 (size before relaxing)
 .debug_str     0x00003812      0x1ae setting_current_functions.o
                                0xf5b (size before relaxing)
 .debug_str     0x000039c0      0x2f2 twi_master_driver.o
                               0x1035 (size before relaxing)

.debug_loc      0x00000000     0x67c0
 *(.debug_loc)
 .debug_loc     0x00000000     0x3167 ft800_functions.o
 .debug_loc     0x00003167      0x6cd ina226.o
 .debug_loc     0x00003834      0xa77 main.o
 .debug_loc     0x000042ab      0xbc4 program_functions.o
 .debug_loc     0x00004e6f     0x110c setting_current_functions.o
 .debug_loc     0x00005f7b      0x845 twi_master_driver.o

.debug_macinfo
 *(.debug_macinfo)

.debug_weaknames
 *(.debug_weaknames)

.debug_funcnames
 *(.debug_funcnames)

.debug_typenames
 *(.debug_typenames)

.debug_varnames
 *(.debug_varnames)

.debug_pubtypes
 *(.debug_pubtypes)

.debug_ranges   0x00000000      0x3b0
 *(.debug_ranges)
 .debug_ranges  0x00000000      0x190 ft800_functions.o
 .debug_ranges  0x00000190       0x30 ina226.o
 .debug_ranges  0x000001c0       0x68 main.o
 .debug_ranges  0x00000228       0xa0 program_functions.o
 .debug_ranges  0x000002c8       0x68 setting_current_functions.o
 .debug_ranges  0x00000330       0x80 twi_master_driver.o

.debug_macro
 *(.debug_macro)
OUTPUT(PCA-42.elf elf32-avr)
LOAD linker stubs
